
> my-v0-project@0.1.0 build
> npx prisma generate && next build

Environment variables loaded from .env
Prisma schema loaded from prisma\schema.prisma

Γ£ö Generated Prisma Client (v6.16.2) to .\node_modules\.pnpm\@prisma+client@6.16.2_prism_10d14df5a08b77bb687666fc3aeb8258\node_modules\@prisma\client in 189ms

Start by importing your Prisma Client (See: https://pris.ly/d/importing-client)

Tip: Interested in query caching in just a few lines of code? Try Accelerate today! https://pris.ly/tip-3-accelerate

   Γû▓ Next.js 15.5.2
   - Environments: .env.local, .env

   Creating an optimized production build ...
uncaughtException [TypeError: Cannot read properties of undefined (reading 'length')]
